BL51 BANKED LINKER/LOCATER V6.22                                                        12/12/2015  14:27:57  PAGE 1


BL51 BANKED LINKER/LOCATER V6.22, INVOKED BY:
D:\KEIL_V5\C51\BIN\BL51.EXE .\Objects\main.obj, .\Objects\w25q64.obj, .\Objects\uart.obj TO .\Objects\flash_test PRINT (
>> .\Listings\flash_test.m51) RAMSIZE (256)


MEMORY MODEL: LARGE


INPUT MODULES INCLUDED:
  .\Objects\main.obj (MAIN)
  .\Objects\w25q64.obj (W25Q64)
  .\Objects\uart.obj (UART)
  D:\KEIL_V5\C51\LIB\C51L.LIB (?C_STARTUP)
  D:\KEIL_V5\C51\LIB\C51L.LIB (?C?CLDPTR)
  D:\KEIL_V5\C51\LIB\C51L.LIB (?C?CSTPTR)
  D:\KEIL_V5\C51\LIB\C51L.LIB (?C?ILDIX)
  D:\KEIL_V5\C51\LIB\C51L.LIB (?C?ULSHR)
  D:\KEIL_V5\C51\LIB\C51L.LIB (?C?LSTXDATA)


LINK MAP OF MODULE:  .\Objects\flash_test (MAIN)


            TYPE    BASE      LENGTH    RELOCATION   SEGMENT NAME
            -----------------------------------------------------

            * * * * * * *   D A T A   M E M O R Y   * * * * * * *
            REG     0000H     0008H     ABSOLUTE     "REG BANK 0"
            REG     0008H     0008H     ABSOLUTE     "REG BANK 1"
                    0010H     0010H                  *** GAP ***
            BIT     0020H.0   0000H.3   UNIT         ?BI?UART
                    0020H.3   0000H.5                *** GAP ***
            IDATA   0021H     0001H     UNIT         ?STACK

            * * * * * * *  X D A T A   M E M O R Y  * * * * * * *
            XDATA   0000H     0100H     UNIT         ?XD?MAIN
            XDATA   0100H     000BH     UNIT         _XDATA_GROUP_
            XDATA   010BH     0003H     UNIT         ?XD?_UART3SENDSTRING?UART
            XDATA   010EH     0003H     UNIT         ?XD?_UART4SENDSTRING?UART

            * * * * * * *   C O D E   M E M O R Y   * * * * * * *
            CODE    0000H     0003H     ABSOLUTE     
            CODE    0003H     0020H     UNIT         ?PR?SFLASH_READBYTE?W25Q64
            CODE    0023H     0003H     ABSOLUTE     
            CODE    0026H     0060H     UNIT         ?C?LIB_CODE
            CODE    0086H     0005H     UNIT         ?PR?DELAY1US?W25Q64
            CODE    008BH     0003H     ABSOLUTE     
                    008EH     0005H                  *** GAP ***
            CODE    0093H     0003H     ABSOLUTE     
            CODE    0096H     0146H     UNIT         ?CO?MAIN
            CODE    01DCH     0108H     UNIT         ?PR?MAIN?MAIN
            CODE    02E4H     005BH     UNIT         ?PR?_SFLASH_WRITEPAGE?W25Q64
            CODE    033FH     005AH     UNIT         ?PR?_SFLASH_READBUFFER?W25Q64
            CODE    0399H     0041H     UNIT         ?PR?_SFLASH_ERASESECTOR?W25Q64
            CODE    03DAH     0033H     UNIT         ?PR?_UART1SENDSTRING?UART
            CODE    040DH     0033H     UNIT         ?PR?_UART3SENDSTRING?UART
            CODE    0440H     0033H     UNIT         ?PR?_UART4SENDSTRING?UART
            CODE    0473H     0031H     UNIT         ?PR?INITUART?UART
BL51 BANKED LINKER/LOCATER V6.22                                                      12/12/2015  14:27:57  PAGE 2


            CODE    04A4H     002FH     UNIT         ?PR?UART4?UART
            CODE    04D3H     002EH     UNIT         ?PR?_SFLASH_SENDBYTE?W25Q64
            CODE    0501H     002DH     UNIT         ?PR?SFLASH_READID?W25Q64
            CODE    052EH     001EH     UNIT         ?PR?_DELAY_MS?MAIN
            CODE    054CH     0017H     UNIT         ?PR?UART3?UART
            CODE    0563H     0015H     UNIT         ?PR?SFLASH_WAITFORWRITEEND?W25Q64
            CODE    0578H     000FH     UNIT         ?PR?DELAY1000MS?UART
            CODE    0587H     000FH     UNIT         ?PR?DELAY200MS?UART
            CODE    0596H     000DH     UNIT         ?PR?UART1?UART
            CODE    05A3H     000CH     UNIT         ?C_C51STARTUP
            CODE    05AFH     000AH     UNIT         ?PR?SFLASH_WRITEENABLE?W25Q64
            CODE    05B9H     0008H     UNIT         ?PR?_UART1SENDDATA?UART
            CODE    05C1H     0008H     UNIT         ?PR?_UART3SENDDATA?UART
            CODE    05C9H     0008H     UNIT         ?PR?_UART4SENDDATA?UART
            CODE    05D1H     0007H     UNIT         ?PR?IO_INIT?MAIN



OVERLAY MAP OF MODULE:   .\Objects\flash_test (MAIN)


SEGMENT                                     XDATA_GROUP
  +--> CALLED SEGMENT                     START    LENGTH
---------------------------------------------------------
?PR?UART4?UART                            -----    -----
  +--> ?PR?_UART1SENDDATA?UART

*** NEW ROOT ***************************************************

?C_C51STARTUP                             -----    -----
  +--> ?PR?MAIN?MAIN

?PR?MAIN?MAIN                             0100H    0002H
  +--> ?PR?IO_INIT?MAIN
  +--> ?PR?INITUART?UART
  +--> ?CO?MAIN
  +--> ?PR?_UART1SENDSTRING?UART
  +--> ?PR?_DELAY_MS?MAIN
  +--> ?PR?SFLASH_READID?W25Q64
  +--> ?PR?_SFLASH_ERASESECTOR?W25Q64
  +--> ?PR?_SFLASH_WRITEPAGE?W25Q64
  +--> ?PR?_SFLASH_READBUFFER?W25Q64
  +--> ?PR?_UART1SENDDATA?UART

?PR?_UART1SENDSTRING?UART                 0102H    0003H
  +--> ?PR?_UART1SENDDATA?UART

?PR?SFLASH_READID?W25Q64                  -----    -----
  +--> ?PR?_SFLASH_SENDBYTE?W25Q64
  +--> ?PR?SFLASH_READBYTE?W25Q64

?PR?_SFLASH_SENDBYTE?W25Q64               -----    -----
  +--> ?PR?DELAY1US?W25Q64

?PR?SFLASH_READBYTE?W25Q64                -----    -----
  +--> ?PR?DELAY1US?W25Q64

BL51 BANKED LINKER/LOCATER V6.22                                                      12/12/2015  14:27:57  PAGE 3


?PR?_SFLASH_ERASESECTOR?W25Q64            0102H    0004H
  +--> ?PR?SFLASH_WRITEENABLE?W25Q64
  +--> ?PR?_SFLASH_SENDBYTE?W25Q64
  +--> ?PR?SFLASH_WAITFORWRITEEND?W25Q64

?PR?SFLASH_WRITEENABLE?W25Q64             -----    -----
  +--> ?PR?_SFLASH_SENDBYTE?W25Q64

?PR?SFLASH_WAITFORWRITEEND?W25Q64         -----    -----
  +--> ?PR?_SFLASH_SENDBYTE?W25Q64
  +--> ?PR?SFLASH_READBYTE?W25Q64

?PR?_SFLASH_WRITEPAGE?W25Q64              0102H    0009H
  +--> ?PR?SFLASH_WRITEENABLE?W25Q64
  +--> ?PR?_SFLASH_SENDBYTE?W25Q64
  +--> ?PR?SFLASH_WAITFORWRITEEND?W25Q64

?PR?_SFLASH_READBUFFER?W25Q64             0102H    0009H
  +--> ?PR?_SFLASH_SENDBYTE?W25Q64
  +--> ?PR?SFLASH_READBYTE?W25Q64



SYMBOL TABLE OF MODULE:  .\Objects\flash_test (MAIN)

  VALUE           TYPE          NAME
  ----------------------------------

  -------         MODULE        MAIN
  C:0000H         SYMBOL        _ICE_DUMMY_
  D:0093H         PUBLIC        P0M1
  D:0080H         PUBLIC        P0
  D:0090H         PUBLIC        P1
  D:00A0H         PUBLIC        P2
  D:00B0H         PUBLIC        P3
  D:00C0H         PUBLIC        P4
  D:00C8H         PUBLIC        P5
  D:00E8H         PUBLIC        P6
  D:00F8H         PUBLIC        P7
  D:00A8H         PUBLIC        IE
  C:05D1H         PUBLIC        IO_Init
  D:00B8H         PUBLIC        IP
  C:00DCH         PUBLIC        TestData
  D:00D8H         PUBLIC        CCON
  C:01DCH         PUBLIC        main
  C:052EH         PUBLIC        _Delay_ms
  D:0098H         PUBLIC        SCON
  D:0088H         PUBLIC        TCON
  X:0000H         PUBLIC        BufferData
  D:00D0H         PUBLIC        PSW
  D:0094H         PUBLIC        P0M0
  -------         PROC          MAIN
  -------         DO            
  D:0006H         SYMBOL        ID
  X:0100H         SYMBOL        Cnt
  -------         ENDDO         
  C:01DCH         LINE#         44
BL51 BANKED LINKER/LOCATER V6.22                                                      12/12/2015  14:27:57  PAGE 4


  C:01DCH         LINE#         45
  C:01DCH         LINE#         48
  C:01DFH         LINE#         49
  C:01E2H         LINE#         50
  C:01EBH         LINE#         52
  C:01F2H         LINE#         53
  C:01F5H         LINE#         55
  C:01FFH         LINE#         56
  C:01FFH         LINE#         57
  C:0208H         LINE#         61
  C:0208H         LINE#         71
  C:0211H         LINE#         72
  C:021AH         LINE#         73
  C:0221H         LINE#         75
  C:022CH         LINE#         76
  C:0235H         LINE#         77
  C:023CH         LINE#         79
  C:0252H         LINE#         80
  C:025BH         LINE#         81
  C:0262H         LINE#         83
  C:0278H         LINE#         85
  C:028DH         LINE#         86
  C:028DH         LINE#         87
  C:029CH         LINE#         89
  C:02BEH         LINE#         90
  C:02BEH         LINE#         92
  C:02C7H         LINE#         93
  C:02C9H         LINE#         94
  C:02C9H         LINE#         95
  C:02D9H         LINE#         98
  C:02E2H         LINE#         99
  C:02E2H         LINE#         100
  C:02E2H         LINE#         101
  -------         ENDPROC       MAIN
  -------         PROC          _DELAY_MS
  D:0006H         SYMBOL        ms
  -------         DO            
  D:0004H         SYMBOL        i
  -------         ENDDO         
  C:052EH         LINE#         110
  C:052EH         LINE#         111
  C:052EH         LINE#         114
  C:0538H         LINE#         115
  C:0538H         LINE#         116
  C:054BH         LINE#         117
  C:054BH         LINE#         119
  -------         ENDPROC       _DELAY_MS
  -------         PROC          IO_INIT
  C:05D1H         LINE#         128
  C:05D1H         LINE#         129
  C:05D1H         LINE#         137
  C:05D4H         LINE#         138
  C:05D7H         LINE#         158
  -------         ENDPROC       IO_INIT
  -------         ENDMOD        MAIN

  -------         MODULE        W25Q64
BL51 BANKED LINKER/LOCATER V6.22                                                      12/12/2015  14:27:57  PAGE 5


  C:0000H         SYMBOL        _ICE_DUMMY_
  D:0080H         PUBLIC        P0
  D:0090H         PUBLIC        P1
  D:00A0H         PUBLIC        P2
  D:00B0H         PUBLIC        P3
  D:00C0H         PUBLIC        P4
  D:00C8H         PUBLIC        P5
  D:00E8H         PUBLIC        P6
  D:00F8H         PUBLIC        P7
  C:0086H         PUBLIC        Delay1us
  D:00A8H         PUBLIC        IE
  D:00B8H         PUBLIC        IP
  C:05AFH         PUBLIC        sFLASH_WriteEnable
  C:033FH         PUBLIC        _sFLASH_ReadBuffer
  D:00D8H         PUBLIC        CCON
  C:0399H         PUBLIC        _sFLASH_EraseSector
  C:0563H         PUBLIC        sFLASH_WaitForWriteEnd
  D:0098H         PUBLIC        SCON
  D:0088H         PUBLIC        TCON
  C:0501H         PUBLIC        sFLASH_ReadID
  C:02E4H         PUBLIC        _sFLASH_WritePage
  C:0003H         PUBLIC        sFLASH_ReadByte
  B:0080H.5       PUBLIC        WDI
  B:0080H.6       PUBLIC        WCK
  C:04E2H         PUBLIC        _sFLASH_SendByte
  B:0080H.7       PUBLIC        WDO
  B:0080H.4       PUBLIC        WCS
  D:00D0H         PUBLIC        PSW
  -------         PROC          DELAY1US
  -------         DO            
  D:0007H         SYMBOL        i
  -------         ENDDO         
  C:0086H         LINE#         11
  C:0086H         LINE#         12
  C:0086H         LINE#         15
  C:0088H         LINE#         16
  C:008AH         LINE#         17
  -------         ENDPROC       DELAY1US
  C:04D3H         SYMBOL        L?0029
  C:04DEH         SYMBOL        L?0030
  -------         PROC          L?0028
  -------         ENDPROC       L?0028
  C:04D3H         SYMBOL        L?0029
  C:04DEH         SYMBOL        L?0030
  -------         PROC          _SFLASH_SENDBYTE
  D:0006H         SYMBOL        dat
  -------         DO            
  D:0005H         SYMBOL        i
  -------         ENDDO         
  C:04E2H         LINE#         26
  C:04E4H         LINE#         27
  C:04E4H         LINE#         30
  C:04E6H         LINE#         31
  C:04E6H         LINE#         32
  C:04E8H         LINE#         34
  C:04ECH         LINE#         35
  C:04ECH         LINE#         36
BL51 BANKED LINKER/LOCATER V6.22                                                      12/12/2015  14:27:57  PAGE 6


  C:04EEH         LINE#         37
  C:04F0H         LINE#         39
  C:04F0H         LINE#         40
  C:04F2H         LINE#         41
  C:04F2H         LINE#         42
  C:04F5H         LINE#         43
  C:04F7H         LINE#         45
  C:04FBH         LINE#         46
  C:0500H         LINE#         47
  -------         ENDPROC       _SFLASH_SENDBYTE
  -------         PROC          SFLASH_READBYTE
  -------         DO            
  D:0005H         SYMBOL        i
  D:0006H         SYMBOL        dat
  -------         ENDDO         
  C:0003H         LINE#         55
  C:0003H         LINE#         56
  C:0003H         LINE#         58
  C:0005H         LINE#         59
  C:0007H         LINE#         60
  C:0009H         LINE#         61
  C:000AH         LINE#         62
  C:000AH         LINE#         63
  C:000CH         LINE#         64
  C:000FH         LINE#         65
  C:0013H         LINE#         66
  C:0016H         LINE#         67
  C:0016H         LINE#         68
  C:0019H         LINE#         69
  C:0019H         LINE#         70
  C:001BH         LINE#         71
  C:0020H         LINE#         72
  C:0022H         LINE#         73
  -------         ENDPROC       SFLASH_READBYTE
  -------         PROC          SFLASH_WRITEENABLE
  C:05AFH         LINE#         81
  C:05AFH         LINE#         82
  C:05AFH         LINE#         84
  C:05B1H         LINE#         87
  C:05B6H         LINE#         90
  C:05B8H         LINE#         91
  -------         ENDPROC       SFLASH_WRITEENABLE
  -------         PROC          SFLASH_WAITFORWRITEEND
  -------         DO            
  D:0004H         SYMBOL        flashstatus
  -------         ENDDO         
  C:0563H         LINE#         99
  C:0563H         LINE#         100
  C:0563H         LINE#         101
  C:0565H         LINE#         104
  C:0567H         LINE#         107
  C:056CH         LINE#         111
  C:056CH         LINE#         112
  C:0571H         LINE#         113
  C:0571H         LINE#         115
  C:0575H         LINE#         118
  C:0577H         LINE#         119
BL51 BANKED LINKER/LOCATER V6.22                                                      12/12/2015  14:27:57  PAGE 7


  -------         ENDPROC       SFLASH_WAITFORWRITEEND
  -------         PROC          SFLASH_READID
  -------         DO            
  D:0006H         SYMBOL        Temp
  D:0004H         SYMBOL        Temp0
  D:0005H         SYMBOL        Temp1
  -------         ENDDO         
  C:0501H         LINE#         127
  C:0501H         LINE#         128
  C:0501H         LINE#         129
  C:0503H         LINE#         130
  C:0505H         LINE#         132
  C:0507H         LINE#         134
  C:050CH         LINE#         136
  C:0511H         LINE#         137
  C:0516H         LINE#         138
  C:051BH         LINE#         140
  C:0520H         LINE#         141
  C:0525H         LINE#         143
  C:0527H         LINE#         145
  C:052DH         LINE#         146
  C:052DH         LINE#         147
  -------         ENDPROC       SFLASH_READID
  -------         PROC          _SFLASH_WRITEPAGE
  D:0001H         SYMBOL        pBuffer
  X:0105H         SYMBOL        WriteAddr
  X:0109H         SYMBOL        NumByteToWrite
  C:02E4H         LINE#         157
  C:02EAH         LINE#         158
  C:02EAH         LINE#         160
  C:02EDH         LINE#         163
  C:02EFH         LINE#         165
  C:02F4H         LINE#         167
  C:02FAH         LINE#         168
  C:030BH         LINE#         169
  C:031CH         LINE#         172
  C:032AH         LINE#         173
  C:032AH         LINE#         174
  C:0331H         LINE#         175
  C:0338H         LINE#         176
  C:033AH         LINE#         179
  C:033CH         LINE#         182
  -------         ENDPROC       _SFLASH_WRITEPAGE
  -------         PROC          _SFLASH_READBUFFER
  D:0001H         SYMBOL        pBuffer
  X:0105H         SYMBOL        ReadAddr
  X:0109H         SYMBOL        NumByteToRead
  C:033FH         LINE#         193
  C:0345H         LINE#         194
  C:0345H         LINE#         196
  C:0347H         LINE#         199
  C:034CH         LINE#         202
  C:0352H         LINE#         203
  C:0367H         LINE#         204
  C:0378H         LINE#         207
  C:0386H         LINE#         208
  C:0386H         LINE#         209
BL51 BANKED LINKER/LOCATER V6.22                                                      12/12/2015  14:27:57  PAGE 8


  C:038DH         LINE#         210
  C:0394H         LINE#         211
  C:0396H         LINE#         214
  C:0398H         LINE#         215
  -------         ENDPROC       _SFLASH_READBUFFER
  -------         PROC          _SFLASH_ERASESECTOR
  X:0102H         SYMBOL        SectorAddr
  C:0399H         LINE#         223
  C:039FH         LINE#         224
  C:039FH         LINE#         226
  C:03A2H         LINE#         229
  C:03A4H         LINE#         231
  C:03A9H         LINE#         233
  C:03AFH         LINE#         234
  C:03C4H         LINE#         235
  C:03D5H         LINE#         237
  C:03D7H         LINE#         240
  -------         ENDPROC       _SFLASH_ERASESECTOR
  -------         ENDMOD        W25Q64

  -------         MODULE        UART
  C:0000H         SYMBOL        _ICE_DUMMY_
  D:0080H         PUBLIC        P0
  D:0090H         PUBLIC        P1
  D:00A0H         PUBLIC        P2
  D:00B0H         PUBLIC        P3
  D:00C0H         PUBLIC        P4
  D:00C8H         PUBLIC        P5
  B:00A8H.7       PUBLIC        EA
  D:00E8H         PUBLIC        P6
  D:00F8H         PUBLIC        P7
  D:00A2H         PUBLIC        P_SW1
  D:00BAH         PUBLIC        P_SW2
  D:00A8H         PUBLIC        IE
  B:0020H.0       PUBLIC        Uart1busy
  C:0578H         PUBLIC        Delay1000ms
  B:0020H.1       PUBLIC        Uart3busy
  B:00A8H.4       PUBLIC        ES
  B:0020H.2       PUBLIC        Uart4busy
  D:00B8H         PUBLIC        IP
  B:0098H.0       PUBLIC        RI
  B:0098H.1       PUBLIC        TI
  D:00D8H         PUBLIC        CCON
  D:0099H         PUBLIC        SBUF
  D:0098H         PUBLIC        SCON
  D:0089H         PUBLIC        TMOD
  D:0088H         PUBLIC        TCON
  C:0473H         PUBLIC        InitUart
  D:00AFH         PUBLIC        IE2
  D:008EH         PUBLIC        AUXR
  D:00E0H         PUBLIC        ACC
  D:008DH         PUBLIC        TH1
  D:00D6H         PUBLIC        T2H
  C:0596H         PUBLIC        Uart1
  C:054CH         PUBLIC        Uart3
  D:008BH         PUBLIC        TL1
  C:04A4H         PUBLIC        Uart4
BL51 BANKED LINKER/LOCATER V6.22                                                      12/12/2015  14:27:57  PAGE 9


  D:00D7H         PUBLIC        T2L
  B:0088H.6       PUBLIC        TR1
  C:03DAH         PUBLIC        _Uart1SendString
  C:05B9H         PUBLIC        _Uart1SendData
  C:040DH         PUBLIC        _Uart3SendString
  C:0440H         PUBLIC        _Uart4SendString
  C:05C1H         PUBLIC        _Uart3SendData
  C:05C9H         PUBLIC        _Uart4SendData
  D:00ADH         PUBLIC        S3BUF
  D:0085H         PUBLIC        S4BUF
  C:0587H         PUBLIC        Delay200ms
  D:00ACH         PUBLIC        S3CON
  D:0084H         PUBLIC        S4CON
  D:00D0H         PUBLIC        PSW
  -------         PROC          INITUART
  C:0473H         LINE#         7
  C:0473H         LINE#         8
  C:0473H         LINE#         9
  C:0475H         LINE#         10
  C:0477H         LINE#         11
  C:0479H         LINE#         12
  C:047CH         LINE#         14
  C:047FH         LINE#         15
  C:0482H         LINE#         16
  C:0485H         LINE#         31
  C:0488H         LINE#         32
  C:048BH         LINE#         33
  C:048EH         LINE#         34
  C:0491H         LINE#         35
  C:0493H         LINE#         36
  C:0495H         LINE#         38
  C:0498H         LINE#         39
  C:049BH         LINE#         40
  C:049EH         LINE#         41
  C:04A1H         LINE#         42
  C:04A3H         LINE#         43
  -------         ENDPROC       INITUART
  -------         PROC          UART1
  C:0596H         LINE#         47
  C:0596H         LINE#         49
  C:0599H         LINE#         50
  C:0599H         LINE#         51
  C:059BH         LINE#         52
  C:059BH         LINE#         53
  C:059EH         LINE#         54
  C:059EH         LINE#         55
  C:05A0H         LINE#         56
  C:05A2H         LINE#         57
  C:05A2H         LINE#         58
  -------         ENDPROC       UART1
  -------         PROC          UART3
  C:054CH         LINE#         62
  C:054EH         LINE#         64
  C:0553H         LINE#         65
  C:0553H         LINE#         66
  C:0556H         LINE#         71
  C:0556H         LINE#         72
BL51 BANKED LINKER/LOCATER V6.22                                                      12/12/2015  14:27:57  PAGE 10


  C:055BH         LINE#         73
  C:055BH         LINE#         74
  C:055EH         LINE#         75
  C:0560H         LINE#         76
  C:0560H         LINE#         77
  -------         ENDPROC       UART3
  -------         PROC          UART4
  C:04A4H         LINE#         81
  C:04B1H         LINE#         83
  C:04B6H         LINE#         84
  C:04B6H         LINE#         85
  C:04B9H         LINE#         86
  C:04BEH         LINE#         87
  C:04BEH         LINE#         88
  C:04C3H         LINE#         89
  C:04C3H         LINE#         90
  C:04C6H         LINE#         91
  C:04C8H         LINE#         92
  C:04C8H         LINE#         93
  -------         ENDPROC       UART4
  -------         PROC          _UART1SENDDATA
  D:0007H         SYMBOL        dat
  C:05B9H         LINE#         98
  C:05B9H         LINE#         99
  C:05B9H         LINE#         100
  C:05BCH         LINE#         101
  C:05BEH         LINE#         102
  C:05C0H         LINE#         103
  -------         ENDPROC       _UART1SENDDATA
  -------         PROC          _UART1SENDSTRING
  X:0102H         SYMBOL        s
  C:03DAH         LINE#         105
  C:03E5H         LINE#         106
  C:03E5H         LINE#         107
  C:03F5H         LINE#         108
  C:03F5H         LINE#         109
  C:040AH         LINE#         110
  C:040CH         LINE#         111
  -------         ENDPROC       _UART1SENDSTRING
  -------         PROC          _UART3SENDDATA
  D:0007H         SYMBOL        dat
  C:05C1H         LINE#         116
  C:05C1H         LINE#         117
  C:05C1H         LINE#         118
  C:05C4H         LINE#         119
  C:05C6H         LINE#         120
  C:05C8H         LINE#         121
  -------         ENDPROC       _UART3SENDDATA
  -------         PROC          _UART3SENDSTRING
  X:010BH         SYMBOL        s
  C:040DH         LINE#         127
  C:0418H         LINE#         128
  C:0418H         LINE#         129
  C:0428H         LINE#         130
  C:0428H         LINE#         131
  C:043DH         LINE#         132
  C:043FH         LINE#         133
BL51 BANKED LINKER/LOCATER V6.22                                                      12/12/2015  14:27:57  PAGE 11


  -------         ENDPROC       _UART3SENDSTRING
  -------         PROC          _UART4SENDDATA
  D:0007H         SYMBOL        dat
  C:05C9H         LINE#         138
  C:05C9H         LINE#         139
  C:05C9H         LINE#         140
  C:05CCH         LINE#         141
  C:05CEH         LINE#         142
  C:05D0H         LINE#         143
  -------         ENDPROC       _UART4SENDDATA
  -------         PROC          _UART4SENDSTRING
  X:010EH         SYMBOL        s
  C:0440H         LINE#         148
  C:044BH         LINE#         149
  C:044BH         LINE#         150
  C:045BH         LINE#         151
  C:045BH         LINE#         152
  C:0470H         LINE#         153
  C:0472H         LINE#         154
  -------         ENDPROC       _UART4SENDSTRING
  -------         PROC          DELAY1000MS
  -------         DO            
  D:0007H         SYMBOL        i
  D:0006H         SYMBOL        j
  D:0005H         SYMBOL        k
  -------         ENDDO         
  C:0578H         LINE#         158
  C:0578H         LINE#         159
  C:0578H         LINE#         162
  C:0579H         LINE#         163
  C:057AH         LINE#         164
  C:057CH         LINE#         165
  C:057EH         LINE#         166
  C:0580H         LINE#         168
  C:0580H         LINE#         170
  C:0580H         LINE#         171
  C:0582H         LINE#         172
  C:0584H         LINE#         173
  C:0586H         LINE#         174
  -------         ENDPROC       DELAY1000MS
  -------         PROC          DELAY200MS
  -------         DO            
  D:0007H         SYMBOL        i
  D:0006H         SYMBOL        j
  D:0005H         SYMBOL        k
  -------         ENDDO         
  C:0587H         LINE#         176
  C:0587H         LINE#         177
  C:0587H         LINE#         180
  C:0588H         LINE#         181
  C:0589H         LINE#         182
  C:058BH         LINE#         183
  C:058DH         LINE#         184
  C:058FH         LINE#         186
  C:058FH         LINE#         188
  C:058FH         LINE#         189
  C:0591H         LINE#         190
BL51 BANKED LINKER/LOCATER V6.22                                                      12/12/2015  14:27:57  PAGE 12


  C:0593H         LINE#         191
  C:0595H         LINE#         192
  -------         ENDPROC       DELAY200MS
  -------         ENDMOD        UART

  -------         MODULE        ?C?CLDPTR
  C:0026H         PUBLIC        ?C?CLDPTR
  -------         ENDMOD        ?C?CLDPTR

  -------         MODULE        ?C?CSTPTR
  C:003FH         PUBLIC        ?C?CSTPTR
  -------         ENDMOD        ?C?CSTPTR

  -------         MODULE        ?C?ILDIX
  C:0051H         PUBLIC        ?C?ILDIX
  -------         ENDMOD        ?C?ILDIX

  -------         MODULE        ?C?ULSHR
  C:0067H         PUBLIC        ?C?ULSHR
  -------         ENDMOD        ?C?ULSHR

  -------         MODULE        ?C?LSTXDATA
  C:007AH         PUBLIC        ?C?LSTXDATA
  -------         ENDMOD        ?C?LSTXDATA

*** WARNING L16: UNCALLED SEGMENT, IGNORED FOR OVERLAY PROCESS
    SEGMENT: ?PR?_UART3SENDSTRING?UART

*** WARNING L16: UNCALLED SEGMENT, IGNORED FOR OVERLAY PROCESS
    SEGMENT: ?PR?_UART4SENDSTRING?UART

*** WARNING L16: UNCALLED SEGMENT, IGNORED FOR OVERLAY PROCESS
    SEGMENT: ?PR?DELAY1000MS?UART

*** WARNING L16: UNCALLED SEGMENT, IGNORED FOR OVERLAY PROCESS
    SEGMENT: ?PR?DELAY200MS?UART

Program Size: data=17.3 xdata=273 code=1491
LINK/LOCATE RUN COMPLETE.  4 WARNING(S),  0 ERROR(S)
