C51 COMPILER V9.54   W25Q64                                                                12/12/2015 14:27:57 PAGE 1   


C51 COMPILER V9.54, COMPILATION OF MODULE W25Q64
OBJECT MODULE PLACED IN .\Objects\w25q64.obj
COMPILER INVOKED BY: D:\Keil_v5\C51\BIN\C51.EXE w25q64.c LARGE OPTIMIZE(8,SPEED) BROWSE DEBUG OBJECTEXTEND PRINT(.\Listi
                    -ngs\w25q64.lst) TABS(2) OBJECT(.\Objects\w25q64.obj)

line level    source

   1          #include "W25Q64.h"
   2          #include <intrins.h>
   3          
   4          /***********************************************
   5          函数名称：Delay_us
   6          功    能：STC 1T单片机1us延时程序
   7          入口参数：us:延时的微秒数
   8          返 回 值：无  
   9          备    注：外部时钟11.0592MHz
  10          ************************************************/
  11          void Delay1us()   //@22.1184MHz
  12          {
  13   1        unsigned char i;
  14   1      
  15   1        i = 3;
  16   1        while (--i);
  17   1      }
  18          
  19          /***********************************************
  20          函数名称：sFLASH_SendByte
  21          功    能：向W25Q64 FLASH发送一个字节数据。
  22          入口参数：dat:发送的数据
  23          返 回 值：无  
  24          备    注：无
  25          ************************************************/
  26          void sFLASH_SendByte(unsigned char dat)
  27          {
  28   1        unsigned char i;         //定义计数器
  29   1        //送出数据
  30   1        for(i=0;i<8;i++)      
  31   1          {       
  32   2          W25Q64_WCK_Clr();
  33   2          //先发送高字节
  34   2          if( (dat&0x80)==0x80 )
  35   2          {
  36   3              W25Q64_WDI_Set(); 
  37   3          }
  38   2          else
  39   2          {
  40   3            W25Q64_WDI_Clr();
  41   3          }
  42   2           Delay1us();  
  43   2          W25Q64_WCK_Set();
  44   2          //数据左移
  45   2            dat<<=1;                
  46   2        }  
  47   1      }
  48          /***********************************************
  49          函数名称：sFLASH_ReadByte
  50          功    能：从W25Q64 FLASH读取一个字节数据。
  51          入口参数：无
  52          返 回 值：unsigned char：读出的数据。 
  53          备    注：无
  54          ************************************************/
C51 COMPILER V9.54   W25Q64                                                                12/12/2015 14:27:57 PAGE 2   

  55          unsigned char sFLASH_ReadByte(void)
  56          {
  57   1        unsigned char i;
  58   1          unsigned char dat = 0;
  59   1        W25Q64_WDO_Set();
  60   1        W25Q64_WCK_Clr();
  61   1          for (i=0; i<8; i++)             //8位计数器
  62   1          {
  63   2          W25Q64_WCK_Set();           //时钟线拉高
  64   2           Delay1us();
  65   2              dat <<= 1;                  //数据右移一位
  66   2          if (WDO) 
  67   2          {
  68   3            dat |= 0x01;            //读取数据
  69   3          }
  70   2          W25Q64_WCK_Clr();           //时钟线拉低
  71   2        }
  72   1          return dat;
  73   1      }
  74          /***********************************************
  75          函数名称：sFLASH_WriteEnable
  76          功    能：写使能。
  77          入口参数：无
  78          返 回 值：无  
  79          备    注：无
  80          ************************************************/
  81          void sFLASH_WriteEnable(void)
  82          {
  83   1          //使能芯片 
  84   1          W25Q64_WCS_Clr();
  85   1      
  86   1          //发送写使能指令 
  87   1          sFLASH_SendByte(sFLASH_CMD_WREN);
  88   1      
  89   1          //禁止芯片 
  90   1          W25Q64_WCS_Set();
  91   1      }
  92          /***********************************************
  93          函数名称：sFLASH_WaitForWriteEnd
  94          功    能：等待写结束
  95          入口参数：无
  96          返 回 值：无  
  97          备    注：无
  98          ************************************************/
  99          void sFLASH_WaitForWriteEnd(void)
 100          {
 101   1          unsigned char flashstatus = 0;
 102   1      
 103   1          //芯片使能 
 104   1          W25Q64_WCS_Clr();
 105   1      
 106   1          //发送读取寄存器指令
 107   1          sFLASH_SendByte(sFLASH_CMD_RDSR);
 108   1      
 109   1          //循环读取忙标记直到忙结束 
 110   1          do
 111   1          {
 112   2            flashstatus = sFLASH_ReadByte();
 113   2          }
 114   1        //判断忙标记
 115   1          while ((flashstatus & sFLASH_WIP_FLAG) == 0x01); 
 116   1      
C51 COMPILER V9.54   W25Q64                                                                12/12/2015 14:27:57 PAGE 3   

 117   1          //芯片禁止 
 118   1          W25Q64_WCS_Set();
 119   1      }
 120          /***********************************************
 121          函数名称：sFLASH_ReadID
 122          功    能：从W25Q64 FLASH读取器件ID号。
 123          入口参数：无
 124          返 回 值：unsigned int：读出的ID。  
 125          备    注：无
 126          ************************************************/
 127          unsigned int sFLASH_ReadID(void)
 128          {
 129   1          unsigned int Temp = 0; 
 130   1        unsigned char Temp0 = 0, Temp1 = 0;
 131   1          //使能flash
 132   1          W25Q64_WCS_Clr();
 133   1          //发送读flash  id号指令
 134   1          sFLASH_SendByte(sFLASH_CMD_RDID);
 135   1        //发送24位地址 地址为0
 136   1        sFLASH_SendByte(0);
 137   1        sFLASH_SendByte(0);
 138   1        sFLASH_SendByte(0);
 139   1          //读取返回的数据
 140   1          Temp0 = sFLASH_ReadByte();
 141   1          Temp1 = sFLASH_ReadByte();
 142   1          //禁止flash
 143   1          W25Q64_WCS_Set();
 144   1          //组合数据
 145   1          Temp = (Temp0 << 8) | Temp1;
 146   1          return Temp;
 147   1      }
 148          /***********************************************
 149          函数名称：sFLASH_WritePage
 150          功    能：向W25Q64 FLASH写入一页数据。
 151          入口参数：pBuffer:存放写入的数据的缓冲区，
 152                    WriteAddr：开始写入的地址，
 153                NumByteToWrite：写入的字节数
 154          返 回 值：无：读出的数据。  
 155          备    注：无
 156          ************************************************/
 157          void sFLASH_WritePage(unsigned char* pBuffer, unsigned long int WriteAddr, unsigned int NumByteToWrite)
 158          {
 159   1          //芯片写使能，写之前需写使能，否则无法写入 
 160   1          sFLASH_WriteEnable();
 161   1      
 162   1          //芯片使能 
 163   1          W25Q64_WCS_Clr();
 164   1          //发送写指令 
 165   1          sFLASH_SendByte(sFLASH_CMD_PAGEPRO);
 166   1          //发送24位地址 
 167   1          sFLASH_SendByte((WriteAddr & 0xFF0000) >> 16);
 168   1          sFLASH_SendByte((WriteAddr & 0xFF00) >> 8);
 169   1          sFLASH_SendByte(WriteAddr & 0xFF);
 170   1      
 171   1          //循环按字节写入 
 172   1          while (NumByteToWrite--)
 173   1          {
 174   2            sFLASH_SendByte(*pBuffer);
 175   2            pBuffer++;
 176   2          }
 177   1      
 178   1          //芯片禁止 
C51 COMPILER V9.54   W25Q64                                                                12/12/2015 14:27:57 PAGE 4   

 179   1          W25Q64_WCS_Set();
 180   1      
 181   1          //等待写完成
 182   1          sFLASH_WaitForWriteEnd();
 183   1      }
 184          /***********************************************
 185          函数名称：sFLASH_ReadBuffer
 186          功    能：从W25Q64 FLASH读取一串数据。
 187          入口参数：pBuffer:接收该字符串的缓冲区
 188                    ReadAddr：开始读的地址
 189                NumByteToRead：读的字节数
 190          返 回 值：无  
 191          备    注：无
 192          ************************************************/
 193          void sFLASH_ReadBuffer(unsigned char * pBuffer, unsigned long int ReadAddr, unsigned int NumByteToRead)
 194          {
 195   1          //芯片使能 
 196   1          W25Q64_WCS_Clr();
 197   1      
 198   1          //发送读命令
 199   1          sFLASH_SendByte(sFLASH_CMD_READ);
 200   1      
 201   1          //发送24位地址 
 202   1          sFLASH_SendByte((ReadAddr & 0xFF0000) >> 16);
 203   1          sFLASH_SendByte((ReadAddr& 0xFF00) >> 8);
 204   1          sFLASH_SendByte(ReadAddr & 0xFF);
 205   1      
 206   1        //循环按字节读取
 207   1          while (NumByteToRead--) 
 208   1          {
 209   2            *pBuffer = sFLASH_ReadByte();
 210   2            pBuffer++;
 211   2          }
 212   1      
 213   1          //芯片禁止 
 214   1          W25Q64_WCS_Set();
 215   1      }
 216          /***********************************************
 217          函数名称：sFLASH_EraseSector
 218          功    能：擦除W25Q64 FLASH的一个扇区。
 219          入口参数：无
 220          返 回 值：unsigned char：读出的数据。 
 221          备    注：无
 222          ************************************************/
 223          void sFLASH_EraseSector(unsigned long int SectorAddr)
 224          {
 225   1          //芯片写使能
 226   1          sFLASH_WriteEnable();
 227   1      
 228   1          //芯片使能 
 229   1          W25Q64_WCS_Clr();
 230   1          //发送扇区擦除指令
 231   1          sFLASH_SendByte(sFLASH_CMD_SE);
 232   1          //发送24位地址
 233   1          sFLASH_SendByte((SectorAddr & 0xFF0000) >> 16);
 234   1          sFLASH_SendByte((SectorAddr & 0xFF00) >> 8);
 235   1          sFLASH_SendByte(SectorAddr & 0xFF);
 236   1          //芯片禁止 
 237   1          W25Q64_WCS_Set();
 238   1      
 239   1          //等待写完成
 240   1          sFLASH_WaitForWriteEnd();
C51 COMPILER V9.54   W25Q64                                                                12/12/2015 14:27:57 PAGE 5   

 241   1      }


MODULE INFORMATION:   STATIC OVERLAYABLE
   CODE SIZE        =    405    ----
   CONSTANT SIZE    =   ----    ----
   XDATA SIZE       =   ----      22
   PDATA SIZE       =   ----    ----
   DATA SIZE        =   ----    ----
   IDATA SIZE       =   ----    ----
   BIT SIZE         =   ----    ----
END OF MODULE INFORMATION.


C51 COMPILATION COMPLETE.  0 WARNING(S),  0 ERROR(S)
