C51 COMPILER V9.54   MAIN                                                                  12/01/2015 17:16:19 PAGE 1   


C51 COMPILER V9.54, COMPILATION OF MODULE MAIN
OBJECT MODULE PLACED IN .\Objects\main.obj
COMPILER INVOKED BY: D:\Keil_v5\C51\BIN\C51.EXE main.c OPTIMIZE(8,SPEED) BROWSE DEBUG OBJECTEXTEND PRINT(.\Listings\main
                    -.lst) TABS(2) OBJECT(.\Objects\main.obj)

line level    source

   1           
   2           //十六进制转换成十进制
   3           #define Hex2Int(x) ( (x/16)*10+(x%16) )
   4          
   5           //十进制转换成十六进制
   6           #define Int2Hex(x) ( (x/10)*16+(x%10) )
   7           
   8           
   9           
  10           void main(void){
  11   1         unsigned int i;
  12   1         i=Hex2Int(0x0c);
  13   1       }


MODULE INFORMATION:   STATIC OVERLAYABLE
   CODE SIZE        =      7    ----
   CONSTANT SIZE    =   ----    ----
   XDATA SIZE       =   ----    ----
   PDATA SIZE       =   ----    ----
   DATA SIZE        =   ----       2
   IDATA SIZE       =   ----    ----
   BIT SIZE         =   ----    ----
END OF MODULE INFORMATION.


C51 COMPILATION COMPLETE.  0 WARNING(S),  0 ERROR(S)
