BL51 BANKED LINKER/LOCATER V6.22                                                        12/28/2015  11:14:49  PAGE 1


BL51 BANKED LINKER/LOCATER V6.22, INVOKED BY:
D:\KEIL_V5\C51\BIN\BL51.EXE .\Objects\STARTUP.obj, .\Objects\main.obj TO .\Objects\var_test PRINT (.\Listings\var_test.m
>> 51) RAMSIZE (256)


MEMORY MODEL: SMALL


INPUT MODULES INCLUDED:
  .\Objects\STARTUP.obj (?C_STARTUP)
  .\Objects\main.obj (MAIN)
  D:\KEIL_V5\C51\LIB\C51S.LIB (?C?COPY)
  D:\KEIL_V5\C51\LIB\C51S.LIB (?C?CSTPTR)
  D:\KEIL_V5\C51\LIB\C51S.LIB (MALLOC)
  D:\KEIL_V5\C51\LIB\C51S.LIB (FREE)
  D:\KEIL_V5\C51\LIB\C51S.LIB (?C?IILDX)
  D:\KEIL_V5\C51\LIB\C51S.LIB (INIT_MEM)


LINK MAP OF MODULE:  .\Objects\var_test (?C_STARTUP)


            TYPE    BASE      LENGTH    RELOCATION   SEGMENT NAME
            -----------------------------------------------------

            * * * * * * *   D A T A   M E M O R Y   * * * * * * *
            REG     0000H     0008H     ABSOLUTE     "REG BANK 0"
            DATA    0008H     0008H     UNIT         _DATA_GROUP_
            IDATA   0010H     0001H     UNIT         ?STACK

            * * * * * * *  X D A T A   M E M O R Y  * * * * * * *
            XDATA   0000H     0008H     UNIT         ?XD?INIT_MEM

            * * * * * * *   C O D E   M E M O R Y   * * * * * * *
            CODE    0000H     0003H     ABSOLUTE     
            CODE    0003H     011EH     UNIT         ?C?LIB_CODE
            CODE    0121H     0104H     UNIT         ?PR?_FREE?FREE
            CODE    0225H     009CH     UNIT         ?PR?_MALLOC?MALLOC
            CODE    02C1H     0082H     UNIT         ?PR?MAIN?MAIN
            CODE    0343H     003CH     UNIT         ?PR?_INIT_MEMPOOL?INIT_MEM
            CODE    037FH     000FH     UNIT         ?PR?DELAY2000MS?MAIN
            CODE    038EH     000CH     UNIT         ?C_C51STARTUP
            CODE    039AH     000BH     UNIT         ?C_INITSEG
            CODE    03A5H     0001H     UNIT         ?CO?MAIN



OVERLAY MAP OF MODULE:   .\Objects\var_test (?C_STARTUP)


SEGMENT                              DATA_GROUP 
  +--> CALLED SEGMENT              START    LENGTH
--------------------------------------------------
?C_C51STARTUP                      -----    -----
  +--> ?PR?MAIN?MAIN

?PR?MAIN?MAIN                      0008H    0004H
  +--> ?CO?MAIN
BL51 BANKED LINKER/LOCATER V6.22                                                      12/28/2015  11:14:49  PAGE 2


  +--> ?PR?_MALLOC?MALLOC
  +--> ?PR?_FREE?FREE

?PR?_MALLOC?MALLOC                 000CH    0004H

?PR?_FREE?FREE                     000CH    0004H



SYMBOL TABLE OF MODULE:  .\Objects\var_test (?C_STARTUP)

  VALUE           TYPE          NAME
  ----------------------------------

  -------         MODULE        ?C_STARTUP
  C:038EH         SEGMENT       ?C_C51STARTUP
  I:0010H         SEGMENT       ?STACK
  C:0000H         PUBLIC        ?C_STARTUP
  D:00E0H         SYMBOL        ACC
  D:00F0H         SYMBOL        B
  D:0083H         SYMBOL        DPH
  D:0082H         SYMBOL        DPL
  N:0000H         SYMBOL        IBPSTACK
  N:0100H         SYMBOL        IBPSTACKTOP
  N:0080H         SYMBOL        IDATALEN
  C:0391H         SYMBOL        IDATALOOP
  N:0000H         SYMBOL        PBPSTACK
  N:0100H         SYMBOL        PBPSTACKTOP
  N:0000H         SYMBOL        PDATALEN
  N:0000H         SYMBOL        PDATASTART
  N:0000H         SYMBOL        PPAGE
  N:0000H         SYMBOL        PPAGEENABLE
  D:00A0H         SYMBOL        PPAGE_SFR
  D:0081H         SYMBOL        SP
  C:038EH         SYMBOL        STARTUP1
  N:0000H         SYMBOL        XBPSTACK
  N:0000H         SYMBOL        XBPSTACKTOP
  N:0000H         SYMBOL        XDATALEN
  N:0000H         SYMBOL        XDATASTART
  C:0000H         LINE#         126
  C:038EH         LINE#         133
  C:0390H         LINE#         134
  C:0391H         LINE#         135
  C:0392H         LINE#         136
  C:0394H         LINE#         185
  C:0397H         LINE#         196
  -------         ENDMOD        ?C_STARTUP

  -------         MODULE        MAIN
  C:0000H         SYMBOL        _ICE_DUMMY_
  D:0080H         PUBLIC        P0
  D:0090H         PUBLIC        P1
  D:00A0H         PUBLIC        P2
  D:00B0H         PUBLIC        P3
  D:00C0H         PUBLIC        P4
  D:00C8H         PUBLIC        P5
  D:00E8H         PUBLIC        P6
BL51 BANKED LINKER/LOCATER V6.22                                                      12/28/2015  11:14:49  PAGE 3


  D:00F8H         PUBLIC        P7
  D:00A8H         PUBLIC        IE
  C:037FH         PUBLIC        Delay2000ms
  D:00B8H         PUBLIC        IP
  D:00D8H         PUBLIC        CCON
  C:02C1H         PUBLIC        main
  D:0098H         PUBLIC        SCON
  D:0088H         PUBLIC        TCON
  C:03A5H         SYMBOL        _?ix1000
  D:00D0H         PUBLIC        PSW
  -------         PROC          MAIN
  -------         DO            
  D:0008H         SYMBOL        Data
  D:0006H         SYMBOL        longth
  D:0009H         SYMBOL        ptr
  D:0007H         SYMBOL        i
  -------         ENDDO         
  C:02C1H         LINE#         14
  C:02C1H         LINE#         15
  C:02D4H         LINE#         16
  C:02D8H         LINE#         19
  C:02E6H         LINE#         20
  C:02E8H         LINE#         21
  C:02F3H         LINE#         22
  C:02FEH         LINE#         23
  C:0302H         LINE#         24
  C:030EH         LINE#         25
  C:0310H         LINE#         26
  C:031BH         LINE#         27
  C:031FH         LINE#         28
  C:032BH         LINE#         29
  C:0331H         LINE#         31
  C:0333H         LINE#         32
  C:033EH         LINE#         33
  C:0342H         LINE#         34
  -------         ENDPROC       MAIN
  -------         PROC          DELAY2000MS
  -------         DO            
  D:0007H         SYMBOL        i
  D:0006H         SYMBOL        j
  D:0005H         SYMBOL        k
  -------         ENDDO         
  C:037FH         LINE#         38
  C:037FH         LINE#         39
  C:037FH         LINE#         42
  C:0380H         LINE#         43
  C:0381H         LINE#         44
  C:0383H         LINE#         45
  C:0385H         LINE#         46
  C:0387H         LINE#         48
  C:0387H         LINE#         50
  C:0387H         LINE#         51
  C:0389H         LINE#         52
  C:038BH         LINE#         53
  C:038DH         LINE#         54
  -------         ENDPROC       DELAY2000MS
  -------         ENDMOD        MAIN
BL51 BANKED LINKER/LOCATER V6.22                                                      12/28/2015  11:14:49  PAGE 4



  -------         MODULE        ?C?COPY
  C:00D3H         PUBLIC        ?C?COPY
  -------         ENDMOD        ?C?COPY

  -------         MODULE        ?C?CSTPTR
  C:00F9H         PUBLIC        ?C?CSTPTR
  -------         ENDMOD        ?C?CSTPTR

  -------         MODULE        MALLOC
  C:0225H         PUBLIC        _malloc
  -------         ENDMOD        MALLOC

  -------         MODULE        FREE
  C:0121H         PUBLIC        _free
  -------         ENDMOD        FREE

  -------         MODULE        ?C?IILDX
  C:010BH         PUBLIC        ?C?IILDX
  -------         ENDMOD        ?C?IILDX

  -------         MODULE        INIT_MEM
  X:0000H         PUBLIC        __mem_avail__
  C:0343H         PUBLIC        _init_mempool
  -------         ENDMOD        INIT_MEM

*** WARNING L16: UNCALLED SEGMENT, IGNORED FOR OVERLAY PROCESS
    SEGMENT: ?PR?DELAY2000MS?MAIN

*** WARNING L16: UNCALLED SEGMENT, IGNORED FOR OVERLAY PROCESS
    SEGMENT: ?PR?_INIT_MEMPOOL?INIT_MEM

*** WARNING L16: UNCALLED SEGMENT, IGNORED FOR OVERLAY PROCESS
    SEGMENT: ?C_INITSEG

Program Size: data=17.0 xdata=8 code=934
LINK/LOCATE RUN COMPLETE.  3 WARNING(S),  0 ERROR(S)
