C51 COMPILER V8.02   MIAN                                                                  11/19/2015 23:15:03 PAGE 1   


C51 COMPILER V8.02, COMPILATION OF MODULE MIAN
OBJECT MODULE PLACED IN mian.OBJ
COMPILER INVOKED BY: D:\KeilC51\C51\BIN\C51.EXE mian.c BROWSE DEBUG OBJECTEXTEND

line level    source

   1                                             /*---------------------------------------------------------------------*/
   2          /* --- STC MCU Limited ------------------------------------------------*/
   3          /* --- STC15F4K60S4 系列 IO测试举例------------------------------------*/
   4          /* --- Mobile: (86)13922805190 ----------------------------------------*/
   5          /* --- Fax: 86-0513-55012956,55012947,55012969 ------------------------*/
   6          /* --- Tel: 86-0513-55012928,55012929,55012966-------------------------*/
   7          /* --- Web: www.STCMCU.com --------------------------------------------*/
   8          /* --- Web: www.GXWMCU.com --------------------------------------------*/
   9          /* 如果要在程序中使用此代码,请在程序中注明使用了STC的资料及程序        */
  10          /* 如果要在文章中应用此代码,请在文章中注明使用了STC的资料及程序        */
  11          /*---------------------------------------------------------------------*/
  12          
  13          //本示例在Keil开发环境下请选择Intel的8058芯片型号进行编译
  14          //若无特别说明,工作频率一般为11.0592MHz
  15          
  16          
  17          #include "reg51.h"
  18          
  19          sfr P0M1 = 0x93;
  20          sfr P0M0 = 0x94;
  21          sfr P1M1 = 0x91;
  22          sfr P1M0 = 0x92;
  23          sfr P2M1 = 0x95;
  24          sfr P2M0 = 0x96;
  25          sfr P3M1 = 0xb1;
  26          sfr P3M0 = 0xb2;
  27          sfr P4M1 = 0xb3;
  28          sfr P4M0 = 0xb4;
  29          sfr P5M1 = 0xC9;
  30          sfr P5M0 = 0xCA;
  31          sfr P6M1 = 0xCB;
  32          sfr P6M0 = 0xCC;
  33          sfr P7M1 = 0xE1;
  34          sfr P7M0 = 0xE2;
  35          
  36          sbit P00 = P0^0;
  37          sbit P01 = P0^1;
  38          sbit P02 = P0^2;
  39          sbit P03 = P0^3;
  40          sbit P04 = P0^4;
  41          sbit P05 = P0^5;
  42          sbit P06 = P0^6;
  43          sbit P07 = P0^7;
  44          sbit P10 = P1^0;
  45          sbit P11 = P1^1;
  46          sbit P12 = P1^2;
  47          sbit P13 = P1^3;
  48          sbit P14 = P1^4;
  49          sbit P15 = P1^5;
  50          sbit P16 = P1^6;
  51          sbit P17 = P1^7;
  52          sbit P20 = P2^0;
  53          sbit P21 = P2^1;
  54          sbit P22 = P2^2;
  55          sbit P23 = P2^3;
C51 COMPILER V8.02   MIAN                                                                  11/19/2015 23:15:03 PAGE 2   

  56          sbit P24 = P2^4;
  57          sbit P25 = P2^5;
  58          sbit P26 = P2^6;
  59          sbit P27 = P2^7;
  60          sbit P30 = P3^0;
  61          sbit P31 = P3^1;
  62          sbit P32 = P3^2;
  63          sbit P33 = P3^3;
  64          sbit P34 = P3^4;
  65          sbit P35 = P3^5;
  66          sbit P36 = P3^6;
  67          sbit P37 = P3^7;
  68          
  69          sfr P4   = 0xC0;
  70          sbit P40 = P4^0;
  71          sbit P41 = P4^1;
  72          sbit P42 = P4^2;
  73          sbit P43 = P4^3;
  74          sbit P44 = P4^4;
  75          sbit P45 = P4^5;
  76          sbit P46 = P4^6;
  77          sbit P47 = P4^7;
  78          
  79          sfr P5   = 0xC8;
  80          sbit P50 = P5^0;
  81          sbit P51 = P5^1;
  82          sbit P52 = P5^2;
  83          sbit P53 = P5^3;
  84          sbit P54 = P5^4;
  85          sbit P55 = P5^5;
  86          sbit P56 = P5^6;
  87          sbit P57 = P5^7;
  88          
  89          sfr P6   = 0xE8;
  90          sbit P60 = P6^0;
  91          sbit P61 = P6^1;
  92          sbit P62 = P6^2;
  93          sbit P63 = P6^3;
  94          sbit P64 = P6^4;
  95          sbit P65 = P6^5;
  96          sbit P66 = P6^6;
  97          sbit P67 = P6^7;
  98          
  99          sfr P7   = 0xF8;
 100          sbit P70 = P7^0;
 101          sbit P71 = P7^1;
 102          sbit P72 = P7^2;
 103          sbit P73 = P7^3;
 104          sbit P74 = P7^4;
 105          sbit P75 = P7^5;
 106          sbit P76 = P7^6;
 107          sbit P77 = P7^7;
 108          
 109          void delay()
 110          {
 111   1          int i, j;
 112   1      
 113   1          for (i=0; i<1000; i++)
 114   1          for (j=0; j<500; j++);
 115   1      }
 116          
 117          
C51 COMPILER V8.02   MIAN                                                                  11/19/2015 23:15:03 PAGE 3   

 118          void main()
 119          {
 120   1          P0M0 = 0x00;
 121   1          P0M1 = 0x00;
 122   1          P1M0 = 0x00;
 123   1          P1M1 = 0x00;
 124   1          P2M0 = 0x00;
 125   1          P2M1 = 0x00;
 126   1          P3M0 = 0x00;
 127   1          P3M1 = 0x00;
 128   1          P4M0 = 0x00;
 129   1          P4M1 = 0x00;
 130   1          P5M0 = 0x00;
 131   1          P5M1 = 0x00;
 132   1          P6M0 = 0x00;
 133   1          P6M1 = 0x00;
 134   1          P7M0 = 0x00;
 135   1          P7M1 = 0x00;
 136   1      
 137   1          P10 = 0;
 138   1          delay();
 139   1          P10 = 1;
 140   1          P11 = 0;
 141   1          delay();
 142   1          P11 = 1;
 143   1          P12 = 0;
 144   1          delay();
 145   1          P12 = 1;
 146   1          P13 = 0;
 147   1          delay();
 148   1          P13 = 1;
 149   1          P14 = 0;
 150   1          delay();
 151   1          P14 = 1;
 152   1          P15 = 0;
 153   1          delay();
 154   1          P15 = 1;
 155   1          P16 = 0;
 156   1          delay();
 157   1          P16 = 1;
 158   1          P17 = 0;
 159   1          delay();
 160   1          P17 = 1;
 161   1      
 162   1      //    P30 = 0;          //P3.0/P3.1为仿真口和USB下载口时不可演示
 163   1      //    delay();
 164   1      //    P30 = 1;
 165   1      //    P31 = 0;
 166   1      //    delay();
 167   1      //    P31 = 1;
 168   1          P32 = 0;
 169   1          delay();
 170   1          P32 = 1;
 171   1          P33 = 0;
 172   1          delay();
 173   1          P33 = 1;
 174   1          P34 = 0;
 175   1          delay();
 176   1          P34 = 1;
 177   1          P35 = 0;
 178   1          delay();
 179   1          P35 = 1;
C51 COMPILER V8.02   MIAN                                                                  11/19/2015 23:15:03 PAGE 4   

 180   1          P36 = 0;
 181   1          delay();
 182   1          P36 = 1;
 183   1          P37 = 0;
 184   1          delay();
 185   1          P37 = 1;
 186   1      
 187   1          P20 = 0;
 188   1          delay();
 189   1          P20 = 1;
 190   1          P21 = 0;
 191   1          delay();
 192   1          P21 = 1;
 193   1          P22 = 0;
 194   1          delay();
 195   1          P22 = 1;
 196   1          P23 = 0;
 197   1          delay();
 198   1          P23 = 1;
 199   1          P24 = 0;
 200   1          delay();
 201   1          P24 = 1;
 202   1          P25 = 0;
 203   1          delay();
 204   1          P25 = 1;
 205   1          P26 = 0;
 206   1          delay();
 207   1          P26 = 1;
 208   1          P27 = 0;
 209   1          delay();
 210   1          P27 = 1;
 211   1      
 212   1          P00 = 0;
 213   1          delay();
 214   1          P00 = 1;
 215   1          P01 = 0;
 216   1          delay();
 217   1          P01 = 1;
 218   1          P02 = 0;
 219   1          delay();
 220   1          P02 = 1;
 221   1          P03 = 0;
 222   1          delay();
 223   1          P03 = 1;
 224   1          P04 = 0;
 225   1          delay();
 226   1          P04 = 1;
 227   1          P05 = 0;
 228   1          delay();
 229   1          P05 = 1;
 230   1          P06 = 0;
 231   1          delay();
 232   1          P06 = 1;
 233   1          P07 = 0;
 234   1          delay();
 235   1          P07 = 1;
 236   1      
 237   1          P40 = 0;
 238   1          delay();
 239   1          P40 = 1;
 240   1          P41 = 0;
 241   1          delay();
C51 COMPILER V8.02   MIAN                                                                  11/19/2015 23:15:03 PAGE 5   

 242   1          P41 = 1;
 243   1          P42 = 0;
 244   1          delay();
 245   1          P42 = 1;
 246   1          P43 = 0;
 247   1          delay();
 248   1          P43 = 1;
 249   1          P44 = 0;
 250   1          delay();
 251   1          P44 = 1;
 252   1          P45 = 0;
 253   1          delay();
 254   1          P45 = 1;
 255   1          P46 = 0;
 256   1          delay();
 257   1          P46 = 1;
 258   1          P47 = 0;
 259   1          delay();
 260   1          P47 = 1;
 261   1      
 262   1          P50 = 0;
 263   1          delay();
 264   1          P50 = 1;
 265   1          P51 = 0;
 266   1          delay();
 267   1          P51 = 1;
 268   1          P52 = 0;
 269   1          delay();
 270   1          P52 = 1;
 271   1          P53 = 0;
 272   1          delay();
 273   1          P53 = 1;
 274   1          P54 = 0;
 275   1          delay();
 276   1          P54 = 1;
 277   1          P55 = 0;
 278   1          delay();
 279   1          P55 = 1;
 280   1          P56 = 0;
 281   1          delay();
 282   1          P56 = 1;
 283   1          P57 = 0;
 284   1          delay();
 285   1          P57 = 1;
 286   1      
 287   1          P60 = 0;
 288   1          delay();
 289   1          P60 = 1;
 290   1          P61 = 0;
 291   1          delay();
 292   1          P61 = 1;
 293   1          P62 = 0;
 294   1          delay();
 295   1          P62 = 1;
 296   1          P63 = 0;
 297   1          delay();
 298   1          P63 = 1;
 299   1          P64 = 0;
 300   1          delay();
 301   1          P64 = 1;
 302   1          P65 = 0;
 303   1          delay();
C51 COMPILER V8.02   MIAN                                                                  11/19/2015 23:15:03 PAGE 6   

 304   1          P65 = 1;
 305   1          P66 = 0;
 306   1          delay();
 307   1          P66 = 1;
 308   1          P67 = 0;
 309   1          delay();
 310   1          P67 = 1;
 311   1      
 312   1          P70 = 0;
 313   1          delay();
 314   1          P70 = 1;
 315   1          P71 = 0;
 316   1          delay();
 317   1          P71 = 1;
 318   1          P72 = 0;
 319   1          delay();
 320   1          P72 = 1;
 321   1          P73 = 0;
 322   1          delay();
 323   1          P73 = 1;
 324   1          P74 = 0;
 325   1          delay();
 326   1          P74 = 1;
 327   1          P75 = 0;
 328   1          delay();
 329   1          P75 = 1;
 330   1          P76 = 0;
 331   1          delay();
 332   1          P76 = 1;
 333   1          P77 = 0;
 334   1          delay();
 335   1          P77 = 1;
 336   1      
 337   1          while (1)
 338   1          {
 339   2              P0 = 0x00;
 340   2              delay();
 341   2              P0 = 0xff;
 342   2      
 343   2              P1 = 0x00;
 344   2              delay();
 345   2              P1 = 0xff;
 346   2      
 347   2              P3 = 0x03;          //P3.0/P3.1为仿真口和USB下载口时不可演示
 348   2              delay();
 349   2              P3 = 0xff;
 350   2      
 351   2              P2 = 0x00;
 352   2              delay();
 353   2              P2 = 0xff;
 354   2      
 355   2              P4 = 0x00;
 356   2              delay();
 357   2              P4 = 0xff;
 358   2      
 359   2              P5 = 0x00;
 360   2              delay();
 361   2              P5 = 0xff;
 362   2      
 363   2              P6 = 0x00;
 364   2              delay();
 365   2              P6 = 0xff;
C51 COMPILER V8.02   MIAN                                                                  11/19/2015 23:15:03 PAGE 7   

 366   2      
 367   2              P7 = 0x00;
 368   2              delay();
 369   2              P7 = 0xff;
 370   2          }
 371   1      }
 372          


MODULE INFORMATION:   STATIC OVERLAYABLE
   CODE SIZE        =    570    ----
   CONSTANT SIZE    =   ----    ----
   XDATA SIZE       =   ----    ----
   PDATA SIZE       =   ----    ----
   DATA SIZE        =   ----    ----
   IDATA SIZE       =   ----    ----
   BIT SIZE         =   ----    ----
END OF MODULE INFORMATION.


C51 COMPILATION COMPLETE.  0 WARNING(S),  0 ERROR(S)
